{"timestamp":"2026-10-06T23:31:17.638277","level":"info","event":"DAG bundles loaded: dags-folder, example_dags","logger":"airflow.dag_processing.bundles.manager.DagBundlesManager"}
{"timestamp":"2026-10-06T23:31:17.638823","level":"info","event":"Filling up the DagBag from /opt/airflow/dags/movie_pipeline_dag.py","logger":"airflow.models.dagbag.DagBag"}
{"timestamp":"2026-10-06T23:31:17.649122","level":"info","event":"Tmp dir root location: /tmp","logger":"airflow.task.hooks.airflow.providers.standard.hooks.subprocess.SubprocessHook"}
{"timestamp":"2026-10-06T23:31:17.650033","level":"info","event":"Running command: ['/usr/bin/bash', '-c', 'cd /opt/airflow && python src/train.py']","logger":"airflow.task.hooks.airflow.providers.standard.hooks.subprocess.SubprocessHook"}
{"timestamp":"2026-10-06T23:31:18.316739Z","level":"info","event":"Task instance is in running state","chan":"stdout","logger":"task"}
{"timestamp":"2026-10-06T23:31:18.316983Z","level":"info","event":" Previous state of the Task instance: queued","chan":"stdout","logger":"task"}
{"timestamp":"2026-10-06T23:31:18.317098Z","level":"info","event":"Current task name:train","chan":"stdout","logger":"task"}
{"timestamp":"2026-10-06T23:31:18.317189Z","level":"info","event":"Dag name:movie_intelligence_pipeline","chan":"stdout","logger":"task"}
{"timestamp":"2026-10-06T23:31:17.675933","level":"info","event":"Output:","logger":"airflow.task.hooks.airflow.providers.standard.hooks.subprocess.SubprocessHook"}
{"timestamp":"2026-10-06T23:31:35.385011","level":"info","event":"Best params: {'classifier__max_depth': 10, 'classifier__min_samples_leaf': 4, 'classifier__n_estimators': 200}","logger":"airflow.task.hooks.airflow.providers.standard.hooks.subprocess.SubprocessHook"}
{"timestamp":"2026-10-06T23:31:35.385268","level":"info","event":"Training complete: (1719, 42)","logger":"airflow.task.hooks.airflow.providers.standard.hooks.subprocess.SubprocessHook"}
{"timestamp":"2026-10-06T23:31:35.631175","level":"info","event":"Exception ignored in: <function ResourceTracker.__del__ at 0x77975ef871a0>","logger":"airflow.task.hooks.airflow.providers.standard.hooks.subprocess.SubprocessHook"}
{"timestamp":"2026-10-06T23:31:35.631442","level":"info","event":"Exception ignored in: <function ResourceTracker.__del__ at 0x79a943c831a0>","logger":"airflow.task.hooks.airflow.providers.standard.hooks.subprocess.SubprocessHook"}
{"timestamp":"2026-10-06T23:31:35.631595","level":"info","event":"Traceback (most recent call last):","logger":"airflow.task.hooks.airflow.providers.standard.hooks.subprocess.SubprocessHook"}
{"timestamp":"2026-10-06T23:31:35.631744","level":"info","event":"  File \"/usr/local/lib/python3.12/multiprocessing/resource_tracker.py\", line 77, in __del__","logger":"airflow.task.hooks.airflow.providers.standard.hooks.subprocess.SubprocessHook"}
{"timestamp":"2026-10-06T23:31:35.631893","level":"info","event":"Traceback (most recent call last):","logger":"airflow.task.hooks.airflow.providers.standard.hooks.subprocess.SubprocessHook"}
{"timestamp":"2026-10-06T23:31:35.632029","level":"info","event":"  File \"/usr/local/lib/python3.12/multiprocessing/resource_tracker.py\", line 77, in __del__","logger":"airflow.task.hooks.airflow.providers.standard.hooks.subprocess.SubprocessHook"}
{"timestamp":"2026-10-06T23:31:35.632153","level":"info","event":"  File \"/usr/local/lib/python3.12/multiprocessing/resource_tracker.py\", line 86, in _stop","logger":"airflow.task.hooks.airflow.providers.standard.hooks.subprocess.SubprocessHook"}
{"timestamp":"2026-10-06T23:31:35.632268","level":"info","event":"  File \"/usr/local/lib/python3.12/multiprocessing/resource_tracker.py\", line 86, in _stop","logger":"airflow.task.hooks.airflow.providers.standard.hooks.subprocess.SubprocessHook"}
{"timestamp":"2026-10-06T23:31:35.632379","level":"info","event":"  File \"/usr/local/lib/python3.12/multiprocessing/resource_tracker.py\", line 111, in _stop_locked","logger":"airflow.task.hooks.airflow.providers.standard.hooks.subprocess.SubprocessHook"}
{"timestamp":"2026-10-06T23:31:35.632509","level":"info","event":"  File \"/usr/local/lib/python3.12/multiprocessing/resource_tracker.py\", line 111, in _stop_locked","logger":"airflow.task.hooks.airflow.providers.standard.hooks.subprocess.SubprocessHook"}
{"timestamp":"2026-10-06T23:31:35.632622","level":"info","event":"ChildProcessError: [Errno 10] No child processes","logger":"airflow.task.hooks.airflow.providers.standard.hooks.subprocess.SubprocessHook"}
{"timestamp":"2026-10-06T23:31:35.632736","level":"info","event":"ChildProcessError: [Errno 10] No child processes","logger":"airflow.task.hooks.airflow.providers.standard.hooks.subprocess.SubprocessHook"}
{"timestamp":"2026-10-06T23:31:35.632872","level":"info","event":"Exception ignored in: <function ResourceTracker.__del__ at 0x70e5312931a0>","logger":"airflow.task.hooks.airflow.providers.standard.hooks.subprocess.SubprocessHook"}
{"timestamp":"2026-10-06T23:31:35.633007","level":"info","event":"Traceback (most recent call last):","logger":"airflow.task.hooks.airflow.providers.standard.hooks.subprocess.SubprocessHook"}
{"timestamp":"2026-10-06T23:31:35.633119","level":"info","event":"  File \"/usr/local/lib/python3.12/multiprocessing/resource_tracker.py\", line 77, in __del__","logger":"airflow.task.hooks.airflow.providers.standard.hooks.subprocess.SubprocessHook"}
{"timestamp":"2026-10-06T23:31:35.633228","level":"info","event":"  File \"/usr/local/lib/python3.12/multiprocessing/resource_tracker.py\", line 86, in _stop","logger":"airflow.task.hooks.airflow.providers.standard.hooks.subprocess.SubprocessHook"}
{"timestamp":"2026-10-06T23:31:35.633344","level":"info","event":"  File \"/usr/local/lib/python3.12/multiprocessing/resource_tracker.py\", line 111, in _stop_locked","logger":"airflow.task.hooks.airflow.providers.standard.hooks.subprocess.SubprocessHook"}
{"timestamp":"2026-10-06T23:31:35.633457","level":"info","event":"ChildProcessError: [Errno 10] No child processes","logger":"airflow.task.hooks.airflow.providers.standard.hooks.subprocess.SubprocessHook"}
{"timestamp":"2026-10-06T23:31:35.742256","level":"info","event":"Exception ignored in: <function ResourceTracker.__del__ at 0x7b8ad531f1a0>","logger":"airflow.task.hooks.airflow.providers.standard.hooks.subprocess.SubprocessHook"}
{"timestamp":"2026-10-06T23:31:35.742665","level":"info","event":"Traceback (most recent call last):","logger":"airflow.task.hooks.airflow.providers.standard.hooks.subprocess.SubprocessHook"}
{"timestamp":"2026-10-06T23:31:35.742830","level":"info","event":"  File \"/usr/local/lib/python3.12/multiprocessing/resource_tracker.py\", line 77, in __del__","logger":"airflow.task.hooks.airflow.providers.standard.hooks.subprocess.SubprocessHook"}
{"timestamp":"2026-10-06T23:31:35.742968","level":"info","event":"  File \"/usr/local/lib/python3.12/multiprocessing/resource_tracker.py\", line 86, in _stop","logger":"airflow.task.hooks.airflow.providers.standard.hooks.subprocess.SubprocessHook"}
{"timestamp":"2026-10-06T23:31:35.743081","level":"info","event":"  File \"/usr/local/lib/python3.12/multiprocessing/resource_tracker.py\", line 111, in _stop_locked","logger":"airflow.task.hooks.airflow.providers.standard.hooks.subprocess.SubprocessHook"}
{"timestamp":"2026-10-06T23:31:35.743198","level":"info","event":"ChildProcessError: [Errno 10] No child processes","logger":"airflow.task.hooks.airflow.providers.standard.hooks.subprocess.SubprocessHook"}
{"timestamp":"2026-10-06T23:31:35.819189","level":"info","event":"Exception ignored in: <function ResourceTracker.__del__ at 0x7c95c98571a0>","logger":"airflow.task.hooks.airflow.providers.standard.hooks.subprocess.SubprocessHook"}
{"timestamp":"2026-10-06T23:31:35.819478","level":"info","event":"Traceback (most recent call last):","logger":"airflow.task.hooks.airflow.providers.standard.hooks.subprocess.SubprocessHook"}
{"timestamp":"2026-10-06T23:31:35.819623","level":"info","event":"  File \"/usr/local/lib/python3.12/multiprocessing/resource_tracker.py\", line 77, in __del__","logger":"airflow.task.hooks.airflow.providers.standard.hooks.subprocess.SubprocessHook"}
{"timestamp":"2026-10-06T23:31:35.819754","level":"info","event":"  File \"/usr/local/lib/python3.12/multiprocessing/resource_tracker.py\", line 86, in _stop","logger":"airflow.task.hooks.airflow.providers.standard.hooks.subprocess.SubprocessHook"}
{"timestamp":"2026-10-06T23:31:35.819898","level":"info","event":"  File \"/usr/local/lib/python3.12/multiprocessing/resource_tracker.py\", line 111, in _stop_locked","logger":"airflow.task.hooks.airflow.providers.standard.hooks.subprocess.SubprocessHook"}
{"timestamp":"2026-10-06T23:31:35.820037","level":"info","event":"ChildProcessError: [Errno 10] No child processes","logger":"airflow.task.hooks.airflow.providers.standard.hooks.subprocess.SubprocessHook"}
{"timestamp":"2026-10-06T23:31:35.863185","level":"info","event":"Exception ignored in: <function ResourceTracker.__del__ at 0x794103aef1a0>","logger":"airflow.task.hooks.airflow.providers.standard.hooks.subprocess.SubprocessHook"}
{"timestamp":"2026-10-06T23:31:35.863467","level":"info","event":"Traceback (most recent call last):","logger":"airflow.task.hooks.airflow.providers.standard.hooks.subprocess.SubprocessHook"}
{"timestamp":"2026-10-06T23:31:35.863612","level":"info","event":"  File \"/usr/local/lib/python3.12/multiprocessing/resource_tracker.py\", line 77, in __del__","logger":"airflow.task.hooks.airflow.providers.standard.hooks.subprocess.SubprocessHook"}
{"timestamp":"2026-10-06T23:31:35.863743","level":"info","event":"  File \"/usr/local/lib/python3.12/multiprocessing/resource_tracker.py\", line 86, in _stop","logger":"airflow.task.hooks.airflow.providers.standard.hooks.subprocess.SubprocessHook"}
{"timestamp":"2026-10-06T23:31:35.863865","level":"info","event":"  File \"/usr/local/lib/python3.12/multiprocessing/resource_tracker.py\", line 111, in _stop_locked","logger":"airflow.task.hooks.airflow.providers.standard.hooks.subprocess.SubprocessHook"}
{"timestamp":"2026-10-06T23:31:35.864008","level":"info","event":"ChildProcessError: [Errno 10] No child processes","logger":"airflow.task.hooks.airflow.providers.standard.hooks.subprocess.SubprocessHook"}
{"timestamp":"2026-10-06T23:31:35.872316","level":"info","event":"Exception ignored in: <function ResourceTracker.__del__ at 0x7be5d79331a0>","logger":"airflow.task.hooks.airflow.providers.standard.hooks.subprocess.SubprocessHook"}
{"timestamp":"2026-10-06T23:31:35.874180","level":"info","event":"Traceback (most recent call last):","logger":"airflow.task.hooks.airflow.providers.standard.hooks.subprocess.SubprocessHook"}
{"timestamp":"2026-10-06T23:31:35.874464","level":"info","event":"  File \"/usr/local/lib/python3.12/multiprocessing/resource_tracker.py\", line 77, in __del__","logger":"airflow.task.hooks.airflow.providers.standard.hooks.subprocess.SubprocessHook"}
{"timestamp":"2026-10-06T23:31:35.874624","level":"info","event":"  File \"/usr/local/lib/python3.12/multiprocessing/resource_tracker.py\", line 86, in _stop","logger":"airflow.task.hooks.airflow.providers.standard.hooks.subprocess.SubprocessHook"}
{"timestamp":"2026-10-06T23:31:35.874767","level":"info","event":"  File \"/usr/local/lib/python3.12/multiprocessing/resource_tracker.py\", line 111, in _stop_locked","logger":"airflow.task.hooks.airflow.providers.standard.hooks.subprocess.SubprocessHook"}
{"timestamp":"2026-10-06T23:31:35.874925","level":"info","event":"ChildProcessError: [Errno 10] No child processes","logger":"airflow.task.hooks.airflow.providers.standard.hooks.subprocess.SubprocessHook"}
{"timestamp":"2026-10-06T23:31:35.888222","level":"info","event":"Exception ignored in: <function ResourceTracker.__del__ at 0x7f29df75f1a0>","logger":"airflow.task.hooks.airflow.providers.standard.hooks.subprocess.SubprocessHook"}
{"timestamp":"2026-10-06T23:31:35.888515","level":"info","event":"Traceback (most recent call last):","logger":"airflow.task.hooks.airflow.providers.standard.hooks.subprocess.SubprocessHook"}
{"timestamp":"2026-10-06T23:31:35.888660","level":"info","event":"  File \"/usr/local/lib/python3.12/multiprocessing/resource_tracker.py\", line 77, in __del__","logger":"airflow.task.hooks.airflow.providers.standard.hooks.subprocess.SubprocessHook"}
{"timestamp":"2026-10-06T23:31:35.888781","level":"info","event":"  File \"/usr/local/lib/python3.12/multiprocessing/resource_tracker.py\", line 86, in _stop","logger":"airflow.task.hooks.airflow.providers.standard.hooks.subprocess.SubprocessHook"}
{"timestamp":"2026-10-06T23:31:35.888926","level":"info","event":"  File \"/usr/local/lib/python3.12/multiprocessing/resource_tracker.py\", line 111, in _stop_locked","logger":"airflow.task.hooks.airflow.providers.standard.hooks.subprocess.SubprocessHook"}
{"timestamp":"2026-10-06T23:31:35.889059","level":"info","event":"ChildProcessError: [Errno 10] No child processes","logger":"airflow.task.hooks.airflow.providers.standard.hooks.subprocess.SubprocessHook"}
{"timestamp":"2026-10-06T23:31:35.926566","level":"info","event":"Exception ignored in: <function ResourceTracker.__del__ at 0x708771ff71a0>","logger":"airflow.task.hooks.airflow.providers.standard.hooks.subprocess.SubprocessHook"}
{"timestamp":"2026-10-06T23:31:35.926982","level":"info","event":"Traceback (most recent call last):","logger":"airflow.task.hooks.airflow.providers.standard.hooks.subprocess.SubprocessHook"}
{"timestamp":"2026-10-06T23:31:35.930227","level":"info","event":"  File \"/usr/local/lib/python3.12/multiprocessing/resource_tracker.py\", line 77, in __del__","logger":"airflow.task.hooks.airflow.providers.standard.hooks.subprocess.SubprocessHook"}
{"timestamp":"2026-10-06T23:31:35.930522","level":"info","event":"  File \"/usr/local/lib/python3.12/multiprocessing/resource_tracker.py\", line 86, in _stop","logger":"airflow.task.hooks.airflow.providers.standard.hooks.subprocess.SubprocessHook"}
{"timestamp":"2026-10-06T23:31:35.930656","level":"info","event":"  File \"/usr/local/lib/python3.12/multiprocessing/resource_tracker.py\", line 111, in _stop_locked","logger":"airflow.task.hooks.airflow.providers.standard.hooks.subprocess.SubprocessHook"}
{"timestamp":"2026-10-06T23:31:35.930763","level":"info","event":"ChildProcessError: [Errno 10] No child processes","logger":"airflow.task.hooks.airflow.providers.standard.hooks.subprocess.SubprocessHook"}
{"timestamp":"2026-10-06T23:31:35.939420","level":"info","event":"Exception ignored in: <function ResourceTracker.__del__ at 0x7f029a4831a0>","logger":"airflow.task.hooks.airflow.providers.standard.hooks.subprocess.SubprocessHook"}
{"timestamp":"2026-10-06T23:31:35.939726","level":"info","event":"Traceback (most recent call last):","logger":"airflow.task.hooks.airflow.providers.standard.hooks.subprocess.SubprocessHook"}
{"timestamp":"2026-10-06T23:31:35.939880","level":"info","event":"  File \"/usr/local/lib/python3.12/multiprocessing/resource_tracker.py\", line 77, in __del__","logger":"airflow.task.hooks.airflow.providers.standard.hooks.subprocess.SubprocessHook"}
{"timestamp":"2026-10-06T23:31:35.940194","level":"info","event":"  File \"/usr/local/lib/python3.12/multiprocessing/resource_tracker.py\", line 86, in _stop","logger":"airflow.task.hooks.airflow.providers.standard.hooks.subprocess.SubprocessHook"}
{"timestamp":"2026-10-06T23:31:35.940349","level":"info","event":"  File \"/usr/local/lib/python3.12/multiprocessing/resource_tracker.py\", line 111, in _stop_locked","logger":"airflow.task.hooks.airflow.providers.standard.hooks.subprocess.SubprocessHook"}
{"timestamp":"2026-10-06T23:31:35.941069","level":"info","event":"ChildProcessError: [Errno 10] No child processes","logger":"airflow.task.hooks.airflow.providers.standard.hooks.subprocess.SubprocessHook"}
{"timestamp":"2026-10-06T23:31:36.035366","level":"info","event":"Exception ignored in: <function ResourceTracker.__del__ at 0x7e724c02b1a0>","logger":"airflow.task.hooks.airflow.providers.standard.hooks.subprocess.SubprocessHook"}
{"timestamp":"2026-10-06T23:31:36.038150","level":"info","event":"Traceback (most recent call last):","logger":"airflow.task.hooks.airflow.providers.standard.hooks.subprocess.SubprocessHook"}
{"timestamp":"2026-10-06T23:31:36.038402","level":"info","event":"  File \"/usr/local/lib/python3.12/multiprocessing/resource_tracker.py\", line 77, in __del__","logger":"airflow.task.hooks.airflow.providers.standard.hooks.subprocess.SubprocessHook"}
{"timestamp":"2026-10-06T23:31:36.038545","level":"info","event":"  File \"/usr/local/lib/python3.12/multiprocessing/resource_tracker.py\", line 86, in _stop","logger":"airflow.task.hooks.airflow.providers.standard.hooks.subprocess.SubprocessHook"}
{"timestamp":"2026-10-06T23:31:36.038668","level":"info","event":"  File \"/usr/local/lib/python3.12/multiprocessing/resource_tracker.py\", line 111, in _stop_locked","logger":"airflow.task.hooks.airflow.providers.standard.hooks.subprocess.SubprocessHook"}
{"timestamp":"2026-10-06T23:31:36.038790","level":"info","event":"ChildProcessError: [Errno 10] No child processes","logger":"airflow.task.hooks.airflow.providers.standard.hooks.subprocess.SubprocessHook"}
{"timestamp":"2026-10-06T23:31:36.038929","level":"info","event":"Exception ignored in: <function ResourceTracker.__del__ at 0x7c55ad61f1a0>","logger":"airflow.task.hooks.airflow.providers.standard.hooks.subprocess.SubprocessHook"}
{"timestamp":"2026-10-06T23:31:36.039049","level":"info","event":"Traceback (most recent call last):","logger":"airflow.task.hooks.airflow.providers.standard.hooks.subprocess.SubprocessHook"}
{"timestamp":"2026-10-06T23:31:36.039163","level":"info","event":"  File \"/usr/local/lib/python3.12/multiprocessing/resource_tracker.py\", line 77, in __del__","logger":"airflow.task.hooks.airflow.providers.standard.hooks.subprocess.SubprocessHook"}
{"timestamp":"2026-10-06T23:31:36.039275","level":"info","event":"  File \"/usr/local/lib/python3.12/multiprocessing/resource_tracker.py\", line 86, in _stop","logger":"airflow.task.hooks.airflow.providers.standard.hooks.subprocess.SubprocessHook"}
{"timestamp":"2026-10-06T23:31:36.039392","level":"info","event":"  File \"/usr/local/lib/python3.12/multiprocessing/resource_tracker.py\", line 111, in _stop_locked","logger":"airflow.task.hooks.airflow.providers.standard.hooks.subprocess.SubprocessHook"}
{"timestamp":"2026-10-06T23:31:36.039506","level":"info","event":"ChildProcessError: [Errno 10] No child processes","logger":"airflow.task.hooks.airflow.providers.standard.hooks.subprocess.SubprocessHook"}
{"timestamp":"2026-10-06T23:31:36.686286","level":"info","event":"Command exited with return code 0","logger":"airflow.task.hooks.airflow.providers.standard.hooks.subprocess.SubprocessHook"}
{"timestamp":"2026-10-06T23:31:36.687284","level":"info","event":"Pushing xcom","ti":"RuntimeTaskInstance(id=UUID('01a11389-38ea-729e-8c7f-04d2119bbf60'), task_id='train', dag_id='movie_intelligence_pipeline', run_id='manual__2026-10-06T23:25:22.483700+00:00', try_number=1, map_index=-1, hostname='8849e2d8ba03', context_carrier={}, task=<Task(BashOperator): train>, bundle_instance=LocalDagBundle(name=dags-folder), max_tries=1, start_date=datetime.datetime(2026, 10, 6, 23, 31, 16, 653965, tzinfo=TzInfo(UTC)), end_date=None, is_mapped=False)","logger":"task"}
{"timestamp":"2026-10-06T23:31:36.762577Z","level":"info","event":"Task instance in success state","chan":"stdout","logger":"task"}
{"timestamp":"2026-10-06T23:31:36.762798Z","level":"info","event":" Previous state of the Task instance: running","chan":"stdout","logger":"task"}
{"timestamp":"2026-10-06T23:31:36.762925Z","level":"info","event":"Task operator:<Task(BashOperator): train>","chan":"stdout","logger":"task"}
