{"timestamp":"2026-10-06T23:25:37.292827","level":"info","event":"DAG bundles loaded: dags-folder, example_dags","logger":"airflow.dag_processing.bundles.manager.DagBundlesManager"}
{"timestamp":"2026-10-06T23:25:37.293391","level":"info","event":"Filling up the DagBag from /opt/airflow/dags/movie_pipeline_dag.py","logger":"airflow.models.dagbag.DagBag"}
{"timestamp":"2026-10-06T23:25:37.304509","level":"info","event":"Tmp dir root location: /tmp","logger":"airflow.task.hooks.airflow.providers.standard.hooks.subprocess.SubprocessHook"}
{"timestamp":"2026-10-06T23:25:37.305444","level":"info","event":"Running command: ['/usr/bin/bash', '-c', 'cd /opt/airflow && python src/mongo_store.py']","logger":"airflow.task.hooks.airflow.providers.standard.hooks.subprocess.SubprocessHook"}
{"timestamp":"2026-10-06T23:25:37.325739","level":"info","event":"Output:","logger":"airflow.task.hooks.airflow.providers.standard.hooks.subprocess.SubprocessHook"}
{"timestamp":"2026-10-06T23:25:37.351841Z","level":"info","event":"Task instance is in running state","chan":"stdout","logger":"task"}
{"timestamp":"2026-10-06T23:25:37.352126Z","level":"info","event":" Previous state of the Task instance: queued","chan":"stdout","logger":"task"}
{"timestamp":"2026-10-06T23:25:37.352273Z","level":"info","event":"Current task name:mongo_store","chan":"stdout","logger":"task"}
{"timestamp":"2026-10-06T23:25:37.352402Z","level":"info","event":"Dag name:movie_intelligence_pipeline","chan":"stdout","logger":"task"}
{"timestamp":"2026-10-06T23:26:08.776035","level":"info","event":"Traceback (most recent call last):","logger":"airflow.task.hooks.airflow.providers.standard.hooks.subprocess.SubprocessHook"}
{"timestamp":"2026-10-06T23:26:08.776485","level":"info","event":"  File \"/opt/airflow/src/mongo_store.py\", line 38, in <module>","logger":"airflow.task.hooks.airflow.providers.standard.hooks.subprocess.SubprocessHook"}
{"timestamp":"2026-10-06T23:26:08.776715","level":"info","event":"    store_movies(df)","logger":"airflow.task.hooks.airflow.providers.standard.hooks.subprocess.SubprocessHook"}
{"timestamp":"2026-10-06T23:26:08.776872","level":"info","event":"  File \"/opt/airflow/src/mongo_store.py\", line 29, in store_movies","logger":"airflow.task.hooks.airflow.providers.standard.hooks.subprocess.SubprocessHook"}
{"timestamp":"2026-10-06T23:26:08.777042","level":"info","event":"    result = col.bulk_write(ops)","logger":"airflow.task.hooks.airflow.providers.standard.hooks.subprocess.SubprocessHook"}
{"timestamp":"2026-10-06T23:26:08.777183","level":"info","event":"             ^^^^^^^^^^^^^^^^^^^","logger":"airflow.task.hooks.airflow.providers.standard.hooks.subprocess.SubprocessHook"}
{"timestamp":"2026-10-06T23:26:08.777319","level":"info","event":"  File \"/home/airflow/.local/lib/python3.12/site-packages/pymongo/_csot.py\", line 126, in csot_wrapper","logger":"airflow.task.hooks.airflow.providers.standard.hooks.subprocess.SubprocessHook"}
{"timestamp":"2026-10-06T23:26:08.777477","level":"info","event":"    return func(self, *args, **kwargs)","logger":"airflow.task.hooks.airflow.providers.standard.hooks.subprocess.SubprocessHook"}
{"timestamp":"2026-10-06T23:26:08.777574","level":"info","event":"           ^^^^^^^^^^^^^^^^^^^^^^^^^^^","logger":"airflow.task.hooks.airflow.providers.standard.hooks.subprocess.SubprocessHook"}
{"timestamp":"2026-10-06T23:26:08.777659","level":"info","event":"  File \"/home/airflow/.local/lib/python3.12/site-packages/pymongo/synchronous/collection.py\", line 775, in bulk_write","logger":"airflow.task.hooks.airflow.providers.standard.hooks.subprocess.SubprocessHook"}
{"timestamp":"2026-10-06T23:26:08.778581","level":"info","event":"    bulk_api_result = blk.execute(write_concern, session, _Op.INSERT)","logger":"airflow.task.hooks.airflow.providers.standard.hooks.subprocess.SubprocessHook"}
{"timestamp":"2026-10-06T23:26:08.778747","level":"info","event":"                      ^^^^^^^^^^^^^^^^^^^^^^^^^^^^^^^^^^^^^^^^^^^^^^^","logger":"airflow.task.hooks.airflow.providers.standard.hooks.subprocess.SubprocessHook"}
{"timestamp":"2026-10-06T23:26:08.778846","level":"info","event":"  File \"/home/airflow/.local/lib/python3.12/site-packages/pymongo/synchronous/bulk.py\", line 609, in execute","logger":"airflow.task.hooks.airflow.providers.standard.hooks.subprocess.SubprocessHook"}
{"timestamp":"2026-10-06T23:26:08.779285","level":"info","event":"    return self.execute_command(generator, write_concern, session, operation)","logger":"airflow.task.hooks.airflow.providers.standard.hooks.subprocess.SubprocessHook"}
{"timestamp":"2026-10-06T23:26:08.779454","level":"info","event":"           ^^^^^^^^^^^^^^^^^^^^^^^^^^^^^^^^^^^^^^^^^^^^^^^^^^^^^^^^^^^^^^^^^^","logger":"airflow.task.hooks.airflow.providers.standard.hooks.subprocess.SubprocessHook"}
{"timestamp":"2026-10-06T23:26:08.779595","level":"info","event":"  File \"/home/airflow/.local/lib/python3.12/site-packages/pymongo/synchronous/bulk.py\", line 470, in execute_command","logger":"airflow.task.hooks.airflow.providers.standard.hooks.subprocess.SubprocessHook"}
{"timestamp":"2026-10-06T23:26:08.779749","level":"info","event":"    _ = client._retryable_write(","logger":"airflow.task.hooks.airflow.providers.standard.hooks.subprocess.SubprocessHook"}
{"timestamp":"2026-10-06T23:26:08.779898","level":"info","event":"        ^^^^^^^^^^^^^^^^^^^^^^^^","logger":"airflow.task.hooks.airflow.providers.standard.hooks.subprocess.SubprocessHook"}
{"timestamp":"2026-10-06T23:26:08.780022","level":"info","event":"  File \"/home/airflow/.local/lib/python3.12/site-packages/pymongo/synchronous/mongo_client.py\", line 2099, in _retryable_write","logger":"airflow.task.hooks.airflow.providers.standard.hooks.subprocess.SubprocessHook"}
{"timestamp":"2026-10-06T23:26:08.780736","level":"info","event":"    return self._retry_with_session(retryable, func, s, bulk, operation, operation_id)","logger":"airflow.task.hooks.airflow.providers.standard.hooks.subprocess.SubprocessHook"}
{"timestamp":"2026-10-06T23:26:08.780913","level":"info","event":"           ^^^^^^^^^^^^^^^^^^^^^^^^^^^^^^^^^^^^^^^^^^^^^^^^^^^^^^^^^^^^^^^^^^^^^^^^^^^","logger":"airflow.task.hooks.airflow.providers.standard.hooks.subprocess.SubprocessHook"}
{"timestamp":"2026-10-06T23:26:08.781060","level":"info","event":"  File \"/home/airflow/.local/lib/python3.12/site-packages/pymongo/synchronous/mongo_client.py\", line 1969, in _retry_with_session","logger":"airflow.task.hooks.airflow.providers.standard.hooks.subprocess.SubprocessHook"}
{"timestamp":"2026-10-06T23:26:08.781715","level":"info","event":"    return self._retry_internal(","logger":"airflow.task.hooks.airflow.providers.standard.hooks.subprocess.SubprocessHook"}
{"timestamp":"2026-10-06T23:26:08.781857","level":"info","event":"           ^^^^^^^^^^^^^^^^^^^^^","logger":"airflow.task.hooks.airflow.providers.standard.hooks.subprocess.SubprocessHook"}
{"timestamp":"2026-10-06T23:26:08.781995","level":"info","event":"  File \"/home/airflow/.local/lib/python3.12/site-packages/pymongo/_csot.py\", line 126, in csot_wrapper","logger":"airflow.task.hooks.airflow.providers.standard.hooks.subprocess.SubprocessHook"}
{"timestamp":"2026-10-06T23:26:08.782122","level":"info","event":"    return func(self, *args, **kwargs)","logger":"airflow.task.hooks.airflow.providers.standard.hooks.subprocess.SubprocessHook"}
{"timestamp":"2026-10-06T23:26:08.782243","level":"info","event":"           ^^^^^^^^^^^^^^^^^^^^^^^^^^^","logger":"airflow.task.hooks.airflow.providers.standard.hooks.subprocess.SubprocessHook"}
{"timestamp":"2026-10-06T23:26:08.782368","level":"info","event":"  File \"/home/airflow/.local/lib/python3.12/site-packages/pymongo/synchronous/mongo_client.py\", line 2022, in _retry_internal","logger":"airflow.task.hooks.airflow.providers.standard.hooks.subprocess.SubprocessHook"}
{"timestamp":"2026-10-06T23:26:08.782918","level":"info","event":"    ).run()","logger":"airflow.task.hooks.airflow.providers.standard.hooks.subprocess.SubprocessHook"}
{"timestamp":"2026-10-06T23:26:08.783445","level":"info","event":"      ^^^^^","logger":"airflow.task.hooks.airflow.providers.standard.hooks.subprocess.SubprocessHook"}
{"timestamp":"2026-10-06T23:26:08.783664","level":"info","event":"  File \"/home/airflow/.local/lib/python3.12/site-packages/pymongo/synchronous/mongo_client.py\", line 2890, in run","logger":"airflow.task.hooks.airflow.providers.standard.hooks.subprocess.SubprocessHook"}
{"timestamp":"2026-10-06T23:26:08.783942","level":"info","event":"    res = self._read() if self._is_read else self._write()","logger":"airflow.task.hooks.airflow.providers.standard.hooks.subprocess.SubprocessHook"}
{"timestamp":"2026-10-06T23:26:08.784125","level":"info","event":"                                             ^^^^^^^^^^^^^","logger":"airflow.task.hooks.airflow.providers.standard.hooks.subprocess.SubprocessHook"}
{"timestamp":"2026-10-06T23:26:08.784289","level":"info","event":"  File \"/home/airflow/.local/lib/python3.12/site-packages/pymongo/synchronous/mongo_client.py\", line 3087, in _write","logger":"airflow.task.hooks.airflow.providers.standard.hooks.subprocess.SubprocessHook"}
{"timestamp":"2026-10-06T23:26:08.785041","level":"info","event":"    self._server = self._get_server()","logger":"airflow.task.hooks.airflow.providers.standard.hooks.subprocess.SubprocessHook"}
{"timestamp":"2026-10-06T23:26:08.785306","level":"info","event":"                   ^^^^^^^^^^^^^^^^^^","logger":"airflow.task.hooks.airflow.providers.standard.hooks.subprocess.SubprocessHook"}
{"timestamp":"2026-10-06T23:26:08.785479","level":"info","event":"  File \"/home/airflow/.local/lib/python3.12/site-packages/pymongo/synchronous/mongo_client.py\", line 3063, in _get_server","logger":"airflow.task.hooks.airflow.providers.standard.hooks.subprocess.SubprocessHook"}
{"timestamp":"2026-10-06T23:26:08.785923","level":"info","event":"    return self._client._select_server(","logger":"airflow.task.hooks.airflow.providers.standard.hooks.subprocess.SubprocessHook"}
{"timestamp":"2026-10-06T23:26:08.786116","level":"info","event":"           ^^^^^^^^^^^^^^^^^^^^^^^^^^^^","logger":"airflow.task.hooks.airflow.providers.standard.hooks.subprocess.SubprocessHook"}
{"timestamp":"2026-10-06T23:26:08.786275","level":"info","event":"  File \"/home/airflow/.local/lib/python3.12/site-packages/pymongo/synchronous/mongo_client.py\", line 1862, in _select_server","logger":"airflow.task.hooks.airflow.providers.standard.hooks.subprocess.SubprocessHook"}
{"timestamp":"2026-10-06T23:26:08.786636","level":"info","event":"    server = topology.select_server(","logger":"airflow.task.hooks.airflow.providers.standard.hooks.subprocess.SubprocessHook"}
{"timestamp":"2026-10-06T23:26:08.786957","level":"info","event":"             ^^^^^^^^^^^^^^^^^^^^^^^","logger":"airflow.task.hooks.airflow.providers.standard.hooks.subprocess.SubprocessHook"}
{"timestamp":"2026-10-06T23:26:08.787165","level":"info","event":"  File \"/home/airflow/.local/lib/python3.12/site-packages/pymongo/synchronous/topology.py\", line 357, in select_server","logger":"airflow.task.hooks.airflow.providers.standard.hooks.subprocess.SubprocessHook"}
{"timestamp":"2026-10-06T23:26:08.787353","level":"info","event":"    server = self._select_server(","logger":"airflow.task.hooks.airflow.providers.standard.hooks.subprocess.SubprocessHook"}
{"timestamp":"2026-10-06T23:26:08.787524","level":"info","event":"             ^^^^^^^^^^^^^^^^^^^^","logger":"airflow.task.hooks.airflow.providers.standard.hooks.subprocess.SubprocessHook"}
{"timestamp":"2026-10-06T23:26:08.787683","level":"info","event":"  File \"/home/airflow/.local/lib/python3.12/site-packages/pymongo/synchronous/topology.py\", line 331, in _select_server","logger":"airflow.task.hooks.airflow.providers.standard.hooks.subprocess.SubprocessHook"}
{"timestamp":"2026-10-06T23:26:08.787849","level":"info","event":"    servers = self.select_servers(","logger":"airflow.task.hooks.airflow.providers.standard.hooks.subprocess.SubprocessHook"}
{"timestamp":"2026-10-06T23:26:08.788038","level":"info","event":"              ^^^^^^^^^^^^^^^^^^^^","logger":"airflow.task.hooks.airflow.providers.standard.hooks.subprocess.SubprocessHook"}
{"timestamp":"2026-10-06T23:26:08.788212","level":"info","event":"  File \"/home/airflow/.local/lib/python3.12/site-packages/pymongo/synchronous/topology.py\", line 249, in select_servers","logger":"airflow.task.hooks.airflow.providers.standard.hooks.subprocess.SubprocessHook"}
{"timestamp":"2026-10-06T23:26:08.788388","level":"info","event":"    server_descriptions = self._select_servers_loop(","logger":"airflow.task.hooks.airflow.providers.standard.hooks.subprocess.SubprocessHook"}
{"timestamp":"2026-10-06T23:26:08.788543","level":"info","event":"                          ^^^^^^^^^^^^^^^^^^^^^^^^^^","logger":"airflow.task.hooks.airflow.providers.standard.hooks.subprocess.SubprocessHook"}
{"timestamp":"2026-10-06T23:26:08.788696","level":"info","event":"  File \"/home/airflow/.local/lib/python3.12/site-packages/pymongo/synchronous/topology.py\", line 297, in _select_servers_loop","logger":"airflow.task.hooks.airflow.providers.standard.hooks.subprocess.SubprocessHook"}
{"timestamp":"2026-10-06T23:26:08.788849","level":"info","event":"    raise ServerSelectionTimeoutError(","logger":"airflow.task.hooks.airflow.providers.standard.hooks.subprocess.SubprocessHook"}
{"timestamp":"2026-10-06T23:26:08.789080","level":"info","event":"pymongo.errors.ServerSelectionTimeoutError: localhost:27017: [Errno 111] Connection refused (configured timeouts: socketTimeoutMS: 20000.0ms, connectTimeoutMS: 20000.0ms), Timeout: 30s, Topology Description: <TopologyDescription id: 6ac5837225518957d2bef13f, topology_type: Unknown, servers: [<ServerDescription ('localhost', 27017) server_type: Unknown, rtt: None, error=AutoReconnect('localhost:27017: [Errno 111] Connection refused (configured timeouts: socketTimeoutMS: 20000.0ms, connectTimeoutMS: 20000.0ms)')>]>","logger":"airflow.task.hooks.airflow.providers.standard.hooks.subprocess.SubprocessHook"}
{"timestamp":"2026-10-06T23:26:09.445581","level":"info","event":"Command exited with return code 1","logger":"airflow.task.hooks.airflow.providers.standard.hooks.subprocess.SubprocessHook"}
{"timestamp":"2026-10-06T23:26:09.446327","level":"error","event":"Task failed with exception","logger":"task","error_detail":[{"exc_type":"AirflowException","exc_value":"Bash command failed. The command returned a non-zero exit code 1.","exc_notes":[],"syntax_error":null,"is_cause":false,"frames":[{"filename":"/home/airflow/.local/lib/python3.12/site-packages/airflow/sdk/execution_time/task_runner.py","lineno":825,"name":"run"},{"filename":"/home/airflow/.local/lib/python3.12/site-packages/airflow/sdk/execution_time/task_runner.py","lineno":1088,"name":"_execute_task"},{"filename":"/home/airflow/.local/lib/python3.12/site-packages/airflow/sdk/bases/operator.py","lineno":408,"name":"wrapper"},{"filename":"/home/airflow/.local/lib/python3.12/site-packages/airflow/providers/standard/operators/bash.py","lineno":233,"name":"execute"}]}]}
{"timestamp":"2026-10-06T23:26:09.522171Z","level":"info","event":"Task instance in failure state","chan":"stdout","logger":"task"}
{"timestamp":"2026-10-06T23:26:09.522441Z","level":"info","event":"Task start","chan":"stdout","logger":"task"}
{"timestamp":"2026-10-06T23:26:09.522577Z","level":"info","event":"Task:<Task(BashOperator): mongo_store>","chan":"stdout","logger":"task"}
{"timestamp":"2026-10-06T23:26:09.522690Z","level":"info","event":"Failure caused by Bash command failed. The command returned a non-zero exit code 1.","chan":"stdout","logger":"task"}
