{"timestamp":"2026-10-06T23:25:31.046820","level":"info","event":"DAG bundles loaded: dags-folder, example_dags","logger":"airflow.dag_processing.bundles.manager.DagBundlesManager"}
{"timestamp":"2026-10-06T23:25:31.047395","level":"info","event":"Filling up the DagBag from /opt/airflow/dags/movie_pipeline_dag.py","logger":"airflow.models.dagbag.DagBag"}
{"timestamp":"2026-10-06T23:25:31.068902","level":"info","event":"Tmp dir root location: /tmp","logger":"airflow.task.hooks.airflow.providers.standard.hooks.subprocess.SubprocessHook"}
{"timestamp":"2026-10-06T23:25:31.070177","level":"info","event":"Running command: ['/usr/bin/bash', '-c', 'cd /opt/airflow && python src/clean.py']","logger":"airflow.task.hooks.airflow.providers.standard.hooks.subprocess.SubprocessHook"}
{"timestamp":"2026-10-06T23:25:31.088029Z","level":"info","event":"Task instance is in running state","chan":"stdout","logger":"task"}
{"timestamp":"2026-10-06T23:25:31.088160Z","level":"info","event":" Previous state of the Task instance: queued","chan":"stdout","logger":"task"}
{"timestamp":"2026-10-06T23:25:31.088260Z","level":"info","event":"Current task name:clean","chan":"stdout","logger":"task"}
{"timestamp":"2026-10-06T23:25:31.088356Z","level":"info","event":"Dag name:movie_intelligence_pipeline","chan":"stdout","logger":"task"}
{"timestamp":"2026-10-06T23:25:31.094059","level":"info","event":"Output:","logger":"airflow.task.hooks.airflow.providers.standard.hooks.subprocess.SubprocessHook"}
{"timestamp":"2026-10-06T23:25:32.659821","level":"info","event":"Before: (1719, 13) -> After: (1719, 13)","logger":"airflow.task.hooks.airflow.providers.standard.hooks.subprocess.SubprocessHook"}
{"timestamp":"2026-10-06T23:25:32.660092","level":"info","event":"","logger":"airflow.task.hooks.airflow.providers.standard.hooks.subprocess.SubprocessHook"}
{"timestamp":"2026-10-06T23:25:32.660196","level":"info","event":"Missing values now:","logger":"airflow.task.hooks.airflow.providers.standard.hooks.subprocess.SubprocessHook"}
{"timestamp":"2026-10-06T23:25:32.660278","level":"info","event":"runtime           3","logger":"airflow.task.hooks.airflow.providers.standard.hooks.subprocess.SubprocessHook"}
{"timestamp":"2026-10-06T23:25:32.660354","level":"info","event":"budget          208","logger":"airflow.task.hooks.airflow.providers.standard.hooks.subprocess.SubprocessHook"}
{"timestamp":"2026-10-06T23:25:32.660425","level":"info","event":"revenue         192","logger":"airflow.task.hooks.airflow.providers.standard.hooks.subprocess.SubprocessHook"}
{"timestamp":"2026-10-06T23:25:32.660490","level":"info","event":"popularity        0","logger":"airflow.task.hooks.airflow.providers.standard.hooks.subprocess.SubprocessHook"}
{"timestamp":"2026-10-06T23:25:32.660552","level":"info","event":"vote_average      0","logger":"airflow.task.hooks.airflow.providers.standard.hooks.subprocess.SubprocessHook"}
{"timestamp":"2026-10-06T23:25:32.660622","level":"info","event":"vote_count        0","logger":"airflow.task.hooks.airflow.providers.standard.hooks.subprocess.SubprocessHook"}
{"timestamp":"2026-10-06T23:25:32.660689","level":"info","event":"dtype: int64","logger":"airflow.task.hooks.airflow.providers.standard.hooks.subprocess.SubprocessHook"}
{"timestamp":"2026-10-06T23:25:32.660760","level":"info","event":"","logger":"airflow.task.hooks.airflow.providers.standard.hooks.subprocess.SubprocessHook"}
{"timestamp":"2026-10-06T23:25:32.660829","level":"info","event":"Future release dates: 0","logger":"airflow.task.hooks.airflow.providers.standard.hooks.subprocess.SubprocessHook"}
{"timestamp":"2026-10-06T23:25:32.660902","level":"info","event":"Revenue > 0 but budget unknown: 53","logger":"airflow.task.hooks.airflow.providers.standard.hooks.subprocess.SubprocessHook"}
{"timestamp":"2026-10-06T23:25:32.660975","level":"info","event":"","logger":"airflow.task.hooks.airflow.providers.standard.hooks.subprocess.SubprocessHook"}
{"timestamp":"2026-10-06T23:25:32.661036","level":"info","event":"Dates from 1933-07-13 to 2026-09-25","logger":"airflow.task.hooks.airflow.providers.standard.hooks.subprocess.SubprocessHook"}
{"timestamp":"2026-10-06T23:25:32.661096","level":"info","event":"","logger":"airflow.task.hooks.airflow.providers.standard.hooks.subprocess.SubprocessHook"}
{"timestamp":"2026-10-06T23:25:32.661158","level":"info","event":"Saved data/processed/movies_clean.pkl","logger":"airflow.task.hooks.airflow.providers.standard.hooks.subprocess.SubprocessHook"}
{"timestamp":"2026-10-06T23:25:32.765071","level":"info","event":"Command exited with return code 0","logger":"airflow.task.hooks.airflow.providers.standard.hooks.subprocess.SubprocessHook"}
{"timestamp":"2026-10-06T23:25:32.765817","level":"info","event":"Pushing xcom","ti":"RuntimeTaskInstance(id=UUID('01a11389-38e7-7148-a4af-9b1ef6604c78'), task_id='clean', dag_id='movie_intelligence_pipeline', run_id='manual__2026-10-06T23:25:22.483700+00:00', try_number=1, map_index=-1, hostname='f850c85bec23', context_carrier={}, task=<Task(BashOperator): clean>, bundle_instance=LocalDagBundle(name=dags-folder), max_tries=1, start_date=datetime.datetime(2026, 10, 6, 23, 25, 30, 465835, tzinfo=TzInfo(UTC)), end_date=None, is_mapped=False)","logger":"task"}
{"timestamp":"2026-10-06T23:25:32.822612Z","level":"info","event":"Task instance in success state","chan":"stdout","logger":"task"}
{"timestamp":"2026-10-06T23:25:32.822946Z","level":"info","event":" Previous state of the Task instance: running","chan":"stdout","logger":"task"}
{"timestamp":"2026-10-06T23:25:32.823165Z","level":"info","event":"Task operator:<Task(BashOperator): clean>","chan":"stdout","logger":"task"}
